C:\Javadoc\charting\BuildConfig.java
C:\Javadoc\charting\animation\ChartAnimator.java
C:\Javadoc\charting\animation\Easing.java
C:\Javadoc\charting\animation\EasingFunction.java
C:\Javadoc\charting\buffer\AbstractBuffer.java
C:\Javadoc\charting\buffer\BarBuffer.java
C:\Javadoc\charting\buffer\CandleBodyBuffer.java
C:\Javadoc\charting\buffer\CandleShadowBuffer.java
C:\Javadoc\charting\buffer\CircleBuffer.java
C:\Javadoc\charting\buffer\HorizontalBarBuffer.java
C:\Javadoc\charting\buffer\LineBuffer.java
C:\Javadoc\charting\buffer\ScatterBuffer.java
C:\Javadoc\charting\charts\BarChart.java
C:\Javadoc\charting\charts\BarLineChartBase.java
C:\Javadoc\charting\charts\BubbleChart.java
C:\Javadoc\charting\charts\CandleStickChart.java
C:\Javadoc\charting\charts\Chart.java
C:\Javadoc\charting\charts\CombinedChart.java
C:\Javadoc\charting\charts\HorizontalBarChart.java
C:\Javadoc\charting\charts\LineChart.java
C:\Javadoc\charting\charts\PieChart.java
C:\Javadoc\charting\charts\PieRadarChartBase.java
C:\Javadoc\charting\charts\RadarChart.java
C:\Javadoc\charting\charts\ScatterChart.java
C:\Javadoc\charting\components\AxisBase.java
C:\Javadoc\charting\components\ComponentBase.java
C:\Javadoc\charting\components\Legend.java
C:\Javadoc\charting\components\LimitLine.java
C:\Javadoc\charting\components\MarkerView.java
C:\Javadoc\charting\components\XAxis.java
C:\Javadoc\charting\components\YAxis.java
C:\Javadoc\charting\data\BarData.java
C:\Javadoc\charting\data\BarDataSet.java
C:\Javadoc\charting\data\BarEntry.java
C:\Javadoc\charting\data\BarLineScatterCandleData.java
C:\Javadoc\charting\data\BarLineScatterCandleDataSet.java
C:\Javadoc\charting\data\BubbleData.java
C:\Javadoc\charting\data\BubbleDataSet.java
C:\Javadoc\charting\data\BubbleEntry.java
C:\Javadoc\charting\data\CandleData.java
C:\Javadoc\charting\data\CandleDataSet.java
C:\Javadoc\charting\data\CandleEntry.java
C:\Javadoc\charting\data\ChartData.java
C:\Javadoc\charting\data\CombinedData.java
C:\Javadoc\charting\data\DataSet.java
C:\Javadoc\charting\data\Entry.java
C:\Javadoc\charting\data\LineData.java
C:\Javadoc\charting\data\LineDataSet.java
C:\Javadoc\charting\data\LineRadarDataSet.java
C:\Javadoc\charting\data\LineScatterCandleRadarDataSet.java
C:\Javadoc\charting\data\PieData.java
C:\Javadoc\charting\data\PieDataSet.java
C:\Javadoc\charting\data\RadarData.java
C:\Javadoc\charting\data\RadarDataSet.java
C:\Javadoc\charting\data\ScatterData.java
C:\Javadoc\charting\data\ScatterDataSet.java
C:\Javadoc\charting\data\filter\Approximator.java
C:\Javadoc\charting\exception\DrawingDataSetNotCreatedException.java
C:\Javadoc\charting\interfaces\BarDataProvider.java
C:\Javadoc\charting\interfaces\BarLineScatterCandleDataProvider.java
C:\Javadoc\charting\interfaces\BubbleDataProvider.java
C:\Javadoc\charting\interfaces\CandleDataProvider.java
C:\Javadoc\charting\interfaces\ChartInterface.java
C:\Javadoc\charting\interfaces\LineDataProvider.java
C:\Javadoc\charting\interfaces\ScatterDataProvider.java
C:\Javadoc\charting\jobs\MoveViewJob.java
C:\Javadoc\charting\listener\BarLineChartTouchListener.java
C:\Javadoc\charting\listener\ChartTouchListener.java
C:\Javadoc\charting\listener\OnChartGestureListener.java
C:\Javadoc\charting\listener\OnChartValueSelectedListener.java
C:\Javadoc\charting\listener\OnDrawLineChartTouchListener.java
C:\Javadoc\charting\listener\OnDrawListener.java
C:\Javadoc\charting\listener\PieRadarChartTouchListener.java
C:\Javadoc\charting\matrix\Vector3.java
C:\Javadoc\charting\renderer\AxisRenderer.java
C:\Javadoc\charting\renderer\BarChartRenderer.java
C:\Javadoc\charting\renderer\BubbleChartRenderer.java
C:\Javadoc\charting\renderer\CandleStickChartRenderer.java
C:\Javadoc\charting\renderer\CombinedChartRenderer.java
C:\Javadoc\charting\renderer\DataRenderer.java
C:\Javadoc\charting\renderer\HorizontalBarChartRenderer.java
C:\Javadoc\charting\renderer\LegendRenderer.java
C:\Javadoc\charting\renderer\LineChartRenderer.java
C:\Javadoc\charting\renderer\LineScatterCandleRadarRenderer.java
C:\Javadoc\charting\renderer\PieChartRenderer.java
C:\Javadoc\charting\renderer\RadarChartRenderer.java
C:\Javadoc\charting\renderer\Renderer.java
C:\Javadoc\charting\renderer\ScatterChartRenderer.java
C:\Javadoc\charting\renderer\XAxisRenderer.java
C:\Javadoc\charting\renderer\XAxisRendererBarChart.java
C:\Javadoc\charting\renderer\XAxisRendererHorizontalBarChart.java
C:\Javadoc\charting\renderer\XAxisRendererRadarChart.java
C:\Javadoc\charting\renderer\YAxisRenderer.java
C:\Javadoc\charting\renderer\YAxisRendererHorizontalBarChart.java
C:\Javadoc\charting\renderer\YAxisRendererRadarChart.java
C:\Javadoc\charting\utils\ColorFormatter.java
C:\Javadoc\charting\utils\ColorTemplate.java
C:\Javadoc\charting\utils\DefaultValueFormatter.java
C:\Javadoc\charting\utils\EntryXIndexComparator.java
C:\Javadoc\charting\utils\FileUtils.java
C:\Javadoc\charting\utils\FillFormatter.java
C:\Javadoc\charting\utils\FSize.java
C:\Javadoc\charting\utils\Highlight.java
C:\Javadoc\charting\utils\LargeValueFormatter.java
C:\Javadoc\charting\utils\PercentFormatter.java
C:\Javadoc\charting\utils\PointD.java
C:\Javadoc\charting\utils\SelectionDetail.java
C:\Javadoc\charting\utils\Transformer.java
C:\Javadoc\charting\utils\TransformerHorizontalBarChart.java
C:\Javadoc\charting\utils\Utils.java
C:\Javadoc\charting\utils\ValueFormatter.java
C:\Javadoc\charting\utils\ViewPortHandler.java
